// Jest Snapshot v1, https://goo.gl/fbAQLP

exports[`Superuser Maintenance renders correctly 1`] = `<superUser />`;
