// Jest Snapshot v1, https://goo.gl/fbAQLP

exports[`Alert renders correctly 1`] = `
<div
  className="alertContainer"
>
  <div
    className="top-divider"
  >
    <hr />
  </div>
  <div
    className="row"
  >
    <div
      className="text-content"
    >
      <h3>
        Test
      </h3>
      <div
        className="date-recorded"
      >
        <h3>
          Sat Feb 19 2022
        </h3>
      </div>
    </div>
    <img
      src="test-file-stub"
    />
    <div
      className="clear-alert"
    >
      <style
        dangerouslySetInnerHTML={
          Object {
            "__html": ".css-i4bv87-MuiSvgIcon-root{-webkit-user-select:none;-moz-user-select:none;-ms-user-select:none;user-select:none;width:1em;height:1em;display:inline-block;fill:currentColor;-webkit-flex-shrink:0;-ms-flex-negative:0;flex-shrink:0;-webkit-transition:fill 200ms cubic-bezier(0.4, 0, 0.2, 1) 0ms;transition:fill 200ms cubic-bezier(0.4, 0, 0.2, 1) 0ms;font-size:1.5rem;}",
          }
        }
        data-emotion="css i4bv87-MuiSvgIcon-root"
      />
      <svg
        aria-hidden={true}
        className="MuiSvgIcon-root MuiSvgIcon-fontSizeMedium css-i4bv87-MuiSvgIcon-root"
        data-testid="ClearIcon"
        focusable="false"
        onClick={[Function]}
        viewBox="0 0 24 24"
      >
        <path
          d="M19 6.41 17.59 5 12 10.59 6.41 5 5 6.41 10.59 12 5 17.59 6.41 19 12 13.41 17.59 19 19 17.59 13.41 12z"
        />
      </svg>
    </div>
  </div>
  <div
    className="bottom-divider"
  >
    <hr />
  </div>
</div>
`;

exports[`Header renders correctly 1`] = `
<div
  className="alertContainer"
>
  <div
    className="top-divider"
  >
    <hr />
  </div>
  <div
    className="row"
  >
    <div
      className="text-content"
    >
      <h3>
        Test
      </h3>
      <div
        className="date-recorded"
      >
        <h3>
          Sat Feb 19 2022
        </h3>
      </div>
    </div>
    <img
      src="test-file-stub"
    />
    <div
      className="clear-alert"
    >
      <style
        dangerouslySetInnerHTML={
          Object {
            "__html": ".css-i4bv87-MuiSvgIcon-root{-webkit-user-select:none;-moz-user-select:none;-ms-user-select:none;user-select:none;width:1em;height:1em;display:inline-block;fill:currentColor;-webkit-flex-shrink:0;-ms-flex-negative:0;flex-shrink:0;-webkit-transition:fill 200ms cubic-bezier(0.4, 0, 0.2, 1) 0ms;transition:fill 200ms cubic-bezier(0.4, 0, 0.2, 1) 0ms;font-size:1.5rem;}",
          }
        }
        data-emotion="css i4bv87-MuiSvgIcon-root"
      />
      <svg
        aria-hidden={true}
        className="MuiSvgIcon-root MuiSvgIcon-fontSizeMedium css-i4bv87-MuiSvgIcon-root"
        data-testid="ClearIcon"
        focusable="false"
        onClick={[Function]}
        viewBox="0 0 24 24"
      >
        <path
          d="M19 6.41 17.59 5 12 10.59 6.41 5 5 6.41 10.59 12 5 17.59 6.41 19 12 13.41 17.59 19 19 17.59 13.41 12z"
        />
      </svg>
    </div>
  </div>
  <div
    className="bottom-divider"
  >
    <hr />
  </div>
</div>
`;
