// Jest Snapshot v1, https://goo.gl/fbAQLP

exports[`Auth renders correctly 1`] = `
<div
  className="nodePanelContainer"
/>
`;
