// Jest Snapshot v1, https://goo.gl/fbAQLP

exports[`Tags renders correctly 1`] = `<userComponent />`;
